src/catalogue-service.ts(5,35): error TS2835: Relative import paths need explicit file extensions in ECMAScript imports when '--moduleResolution' is 'node16' or 'nodenext'. Did you mean './types.js'?
src/catalogue-service.ts(6,24): error TS2835: Relative import paths need explicit file extensions in ECMAScript imports when '--moduleResolution' is 'node16' or 'nodenext'. Did you mean './logger.js'?
src/catalogue-service.ts(257,29): error TS7006: Parameter 's' implicitly has an 'any' type.
src/catalogue-service.ts(265,29): error TS7006: Parameter 's' implicitly has an 'any' type.
src/function-handler.ts(2,44): error TS2304: Cannot find name 'SessionState'.
src/function-handler.ts(9,9): error TS2304: Cannot find name 'logger'.
src/function-handler.ts(13,5): error TS2304: Cannot find name 'logger'.
src/function-handler.ts(16,23): error TS2304: Cannot find name 'catalogueService'.
src/function-handler.ts(17,23): error TS2304: Cannot find name 'catalogueService'.
src/function-handler.ts(21,30): error TS2304: Cannot find name 'orderEngine'.
src/function-handler.ts(40,30): error TS2304: Cannot find name 'orderEngine'.
src/function-handler.ts(59,37): error TS2304: Cannot find name 'posAdapter'.
src/function-handler.ts(73,9): error TS2304: Cannot find name 'sendToClient'.
src/function-handler.ts(75,20): error TS2304: Cannot find name 'orderEngine'.
src/main.tsx(3,33): error TS2835: Relative import paths need explicit file extensions in ECMAScript imports when '--moduleResolution' is 'node16' or 'nodenext'. Did you mean './OrderDisplay.js'?
src/metrics.ts(1,24): error TS2835: Relative import paths need explicit file extensions in ECMAScript imports when '--moduleResolution' is 'node16' or 'nodenext'. Did you mean './logger.js'?
src/order-engine.ts(19,8): error TS2835: Relative import paths need explicit file extensions in ECMAScript imports when '--moduleResolution' is 'node16' or 'nodenext'. Did you mean './types.js'?
src/order-engine.ts(157,51): error TS7006: Parameter 's' implicitly has an 'any' type.
src/order-engine.ts(271,47): error TS7006: Parameter 'item' implicitly has an 'any' type.
src/order-engine.ts(328,55): error TS7006: Parameter 's' implicitly has an 'any' type.
src/order-engine.ts(344,58): error TS7006: Parameter 's' implicitly has an 'any' type.
src/order-engine.ts(368,46): error TS7006: Parameter 'm' implicitly has an 'any' type.
src/order-engine.ts(404,69): error TS7006: Parameter 'c' implicitly has an 'any' type.
src/order-engine.ts(409,68): error TS7006: Parameter 'u' implicitly has an 'any' type.
src/order-engine.ts(464,41): error TS7006: Parameter 'm' implicitly has an 'any' type.
src/order-engine.ts(533,47): error TS7006: Parameter 'item' implicitly has an 'any' type.
src/order-engine.ts(552,46): error TS7006: Parameter '_' implicitly has an 'any' type.
src/order-engine.ts(552,49): error TS7006: Parameter 'i' implicitly has an 'any' type.
src/order-engine.ts(580,49): error TS7006: Parameter 'item' implicitly has an 'any' type.
src/order-engine.ts(589,51): error TS7006: Parameter 'item' implicitly has an 'any' type.
src/order-engine.ts(757,59): error TS7006: Parameter 'm' implicitly has an 'any' type.
src/order-engine.ts(797,66): error TS7006: Parameter 'u' implicitly has an 'any' type.
src/order-engine.ts(825,46): error TS7006: Parameter 'sum' implicitly has an 'any' type.
src/order-engine.ts(825,51): error TS7006: Parameter 'item' implicitly has an 'any' type.
src/order-engine.ts(859,51): error TS7006: Parameter 's' implicitly has an 'any' type.
src/order-engine.ts(882,46): error TS7006: Parameter 'sum' implicitly has an 'any' type.
src/order-engine.ts(882,51): error TS7006: Parameter 'item' implicitly has an 'any' type.
src/order-engine.ts(883,51): error TS7006: Parameter 'sum' implicitly has an 'any' type.
src/order-engine.ts(883,56): error TS7006: Parameter 'd' implicitly has an 'any' type.
src/order-engine.ts(901,50): error TS7006: Parameter 'item' implicitly has an 'any' type.
src/order-engine.ts(926,49): error TS7006: Parameter 'm' implicitly has an 'any' type.
src/order-engine.ts(931,50): error TS7006: Parameter 'm' implicitly has an 'any' type.
src/order-engine.ts(933,51): error TS7006: Parameter 's' implicitly has an 'any' type.
src/order-engine.ts(950,36): error TS7006: Parameter 'item' implicitly has an 'any' type.
src/order-engine.ts(954,47): error TS7006: Parameter 'm' implicitly has an 'any' type.
src/order-engine.ts(962,44): error TS7006: Parameter 'd' implicitly has an 'any' type.
src/order-engine.ts(967,44): error TS7006: Parameter 'sum' implicitly has an 'any' type.
src/order-engine.ts(967,49): error TS7006: Parameter 'item' implicitly has an 'any' type.
src/order-engine.ts(999,29): error TS7006: Parameter 's' implicitly has an 'any' type.
src/order-engine.ts(1008,29): error TS7006: Parameter 's' implicitly has an 'any' type.
src/order-engine.ts(1096,68): error TS7006: Parameter 'u' implicitly has an 'any' type.
src/order-engine.ts(1108,78): error TS7006: Parameter 'id' implicitly has an 'any' type.
src/order-engine.ts(1138,74): error TS7006: Parameter 'id' implicitly has an 'any' type.
src/OrderDisplay.tsx(2,33): error TS2835: Relative import paths need explicit file extensions in ECMAScript imports when '--moduleResolution' is 'node16' or 'nodenext'. Did you mean './drive-thru-client.js'?
src/OrderDisplay.tsx(36,29): error TS7006: Parameter 'newOrder' implicitly has an 'any' type.
src/OrderDisplay.tsx(37,28): error TS7006: Parameter 'role' implicitly has an 'any' type.
src/OrderDisplay.tsx(37,34): error TS7006: Parameter 'text' implicitly has an 'any' type.
src/OrderDisplay.tsx(40,30): error TS7006: Parameter 'newStatus' implicitly has an 'any' type.
src/pos-adapter.ts(5,51): error TS2835: Relative import paths need explicit file extensions in ECMAScript imports when '--moduleResolution' is 'node16' or 'nodenext'. Did you mean './types.js'?
src/pos-adapter.ts(6,24): error TS2835: Relative import paths need explicit file extensions in ECMAScript imports when '--moduleResolution' is 'node16' or 'nodenext'. Did you mean './logger.js'?
src/pos-adapter.ts(252,36): error TS7006: Parameter 'item' implicitly has an 'any' type.
src/pos-adapter.ts(270,43): error TS7006: Parameter 'mod' implicitly has an 'any' type.
